#
# There is insufficient memory for the Java Runtime Environment to continue.
# Native memory allocation (mmap) failed to map 266338304 bytes for G1 virtual space
# Possible reasons:
#   The system is out of physical RAM or swap space
#   The process is running with CompressedOops enabled, and the Java Heap may be blocking the growth of the native heap
# Possible solutions:
#   Reduce memory load on the system
#   Increase physical memory or swap space
#   Check if swap backing store is full
#   Decrease Java heap size (-Xmx/-Xms)
#   Decrease number of Java threads
#   Decrease Java thread stack sizes (-Xss)
#   Set larger code cache with -XX:ReservedCodeCacheSize=
#   JVM is running with Zero Based Compressed Oops mode in which the Java heap is
#     placed in the first 32GB address space. The Java Heap base address is the
#     maximum limit for the native heap growth. Please use -XX:HeapBaseMinAddress
#     to set the Java Heap base and to place the Java Heap above 32GB virtual address.
# This output file may be truncated or incomplete.
#
#  Out of Memory Error (os_windows.cpp:3603), pid=21924, tid=21452
#
# JRE version:  (21.0.8+12) (build )
# Java VM: Java HotSpot(TM) 64-Bit Server VM (21.0.8+12-LTS-250, mixed mode, sharing, tiered, compressed oops, compressed class ptrs, g1 gc, windows-amd64)
# No core dump will be written. Minidumps are not enabled by default on client versions of Windows
#

---------------  S U M M A R Y ------------

Command Line: -Dfile.encoding=UTF-8 -Duser.country=US -Duser.language=en -Duser.variant org.example.App

Host: 11th Gen Intel(R) Core(TM) i7-1165G7 @ 2.80GHz, 8 cores, 15G,  Windows 10 , 64 bit Build 19041 (10.0.19041.5915)
Time: Fri Dec 12 22:13:40 2025 SE Asia Standard Time elapsed time: 0.010084 seconds (0d 0h 0m 0s)

---------------  T H R E A D  ---------------

Current thread (0x000002700171ebd0):  JavaThread "Unknown thread" [_thread_in_vm, id=21452, stack(0x0000008bb2000000,0x0000008bb2100000) (1024K)]

Stack: [0x0000008bb2000000,0x0000008bb2100000]
Native frames: (J=compiled Java code, j=interpreted, Vv=VM code, C=native code)
V  [jvm.dll+0x6cc179]
V  [jvm.dll+0x8584c1]
V  [jvm.dll+0x85a9ee]
V  [jvm.dll+0x85b0c3]
V  [jvm.dll+0x27ebf6]
V  [jvm.dll+0x6c88f5]
V  [jvm.dll+0x6bd45a]
V  [jvm.dll+0x354b1a]
V  [jvm.dll+0x35c796]
V  [jvm.dll+0x3af85e]
V  [jvm.dll+0x3afb08]
V  [jvm.dll+0x328e2c]
V  [jvm.dll+0x32998b]
V  [jvm.dll+0x821879]
V  [jvm.dll+0x3bc541]
V  [jvm.dll+0x80aaf8]
V  [jvm.dll+0x45172e]
V  [jvm.dll+0x453321]
C  [jli.dll+0x52a3]
C  [ucrtbase.dll+0x21bb2]
C  [KERNEL32.DLL+0x17374]
C  [ntdll.dll+0x4cc91]


---------------  P R O C E S S  ---------------

Threads class SMR info:
_java_thread_list=0x00007fff2e50fc48, length=0, elements={
}

Java Threads: ( => current thread )
Total: 0

Other Threads:
  0x0000027003a12160 WorkerThread "GC Thread#0"                     [id=13720, stack(0x0000008bb2100000,0x0000008bb2200000) (1024K)]
  0x0000027003a22f40 ConcurrentGCThread "G1 Main Marker"            [id=15224, stack(0x0000008bb2200000,0x0000008bb2300000) (1024K)]
  0x0000027003a240e0 WorkerThread "G1 Conc#0"                       [id=12368, stack(0x0000008bb2300000,0x0000008bb2400000) (1024K)]

[error occurred during error reporting (printing all threads), id 0xc0000005, EXCEPTION_ACCESS_VIOLATION (0xc0000005) at pc=0x00007fff2dc7b5b7]
VM state: not at safepoint (not fully initialized)

VM Mutex/Monitor currently owned by a thread:  ([mutex/lock_event])
[0x00007fff2e580f50] Heap_lock - owner thread: 0x000002700171ebd0

Heap address: 0x0000000703200000, size: 4046 MB, Compressed Oops mode: Zero based, Oop shift amount: 3

CDS archive(s) mapped at: [0x0000000000000000-0x0000000000000000-0x0000000000000000), size 0, SharedBaseAddress: 0x0000000800000000, ArchiveRelocationMode: 1.
Narrow klass base: 0x0000000000000000, Narrow klass shift: 0, Narrow klass range: 0x0

GC Precious Log:
 CardTable entry size: 512
 Card Set container configuration: InlinePtr #cards 4 size 8 Array Of Cards #cards 16 size 48 Howl #buckets 8 coarsen threshold 3686 Howl Bitmap #cards 512 size 80 coarsen threshold 460 Card regions per heap region 1 cards per card region 4096

Heap:
 garbage-first heap   total 0K, used 0K [0x0000000703200000, 0x0000000800000000)
  region size 2048K, 0 young (0K), 0 survivors (0K)

[error occurred during error reporting (printing heap information), id 0xc0000005, EXCEPTION_ACCESS_VIOLATION (0xc0000005) at pc=0x00007fff2e0651e9]
GC Heap History (0 events):
No events

Dll operation events (1 events):
Event: 0.005 Loaded shared library C:\Program Files\Java\jdk-21\bin\java.dll

Deoptimization events (0 events):
No events

Classes loaded (0 events):
No events

Classes unloaded (0 events):
No events

Classes redefined (0 events):
No events

Internal exceptions (0 events):
No events

ZGC Phase Switch (0 events):
No events

VM Operations (0 events):
No events

Events (0 events):
No events


Dynamic libraries:
0x00007ff746710000 - 0x00007ff746720000 	C:\Program Files\Java\jdk-21\bin\java.exe
0x00007fffe48f0000 - 0x00007fffe4ae8000 	C:\Windows\SYSTEM32\ntdll.dll
0x00007fffe3cc0000 - 0x00007fffe3d82000 	C:\Windows\System32\KERNEL32.DLL
0x00007fffe1f80000 - 0x00007fffe2276000 	C:\Windows\System32\KERNELBASE.dll
0x00007fffe2620000 - 0x00007fffe2720000 	C:\Windows\System32\ucrtbase.dll
0x00007fffda1f0000 - 0x00007fffda20b000 	C:\Program Files\Java\jdk-21\bin\VCRUNTIME140.dll
0x00007fffda1d0000 - 0x00007fffda1e9000 	C:\Program Files\Java\jdk-21\bin\jli.dll
0x00007fffe3a60000 - 0x00007fffe3b11000 	C:\Windows\System32\ADVAPI32.dll
0x00007fffe3b30000 - 0x00007fffe3bce000 	C:\Windows\System32\msvcrt.dll
0x00007fffe3d90000 - 0x00007fffe3e2f000 	C:\Windows\System32\sechost.dll
0x00007fffe2fb0000 - 0x00007fffe30d0000 	C:\Windows\System32\RPCRT4.dll
0x00007fffe2280000 - 0x00007fffe22a7000 	C:\Windows\System32\bcrypt.dll
0x00007fffe3f60000 - 0x00007fffe4101000 	C:\Windows\System32\USER32.dll
0x00007fffe23f0000 - 0x00007fffe2412000 	C:\Windows\System32\win32u.dll
0x00007fffca3a0000 - 0x00007fffca63b000 	C:\Windows\WinSxS\amd64_microsoft.windows.common-controls_6595b64144ccf1df_6.0.19041.6456_none_60b8a6cb71f64256\COMCTL32.dll
0x00007fffe3e30000 - 0x00007fffe3e5b000 	C:\Windows\System32\GDI32.dll
0x00007fffe2720000 - 0x00007fffe2839000 	C:\Windows\System32\gdi32full.dll
0x00007fffe2420000 - 0x00007fffe24bd000 	C:\Windows\System32\msvcp_win.dll
0x00007fffd6290000 - 0x00007fffd629a000 	C:\Windows\SYSTEM32\VERSION.dll
0x00007fffe46b0000 - 0x00007fffe46df000 	C:\Windows\System32\IMM32.DLL
0x00007fffde9a0000 - 0x00007fffde9ac000 	C:\Program Files\Java\jdk-21\bin\vcruntime140_1.dll
0x00007fffa45d0000 - 0x00007fffa465e000 	C:\Program Files\Java\jdk-21\bin\msvcp140.dll
0x00007fff2d940000 - 0x00007fff2e65d000 	C:\Program Files\Java\jdk-21\bin\server\jvm.dll
0x00007fffe3ef0000 - 0x00007fffe3f5b000 	C:\Windows\System32\WS2_32.dll
0x00007fffe1990000 - 0x00007fffe19db000 	C:\Windows\SYSTEM32\POWRPROF.dll
0x00007fffd9cb0000 - 0x00007fffd9cd7000 	C:\Windows\SYSTEM32\WINMM.dll
0x00007fffe1970000 - 0x00007fffe1982000 	C:\Windows\SYSTEM32\UMPDC.dll
0x00007fffe0750000 - 0x00007fffe0762000 	C:\Windows\SYSTEM32\kernel.appcore.dll
0x00007fffd9d10000 - 0x00007fffd9d1a000 	C:\Program Files\Java\jdk-21\bin\jimage.dll
0x00007fffdfab0000 - 0x00007fffdfcb1000 	C:\Windows\SYSTEM32\DBGHELP.DLL
0x00007fffc69f0000 - 0x00007fffc6a24000 	C:\Windows\SYSTEM32\dbgcore.DLL
0x00007fffe2360000 - 0x00007fffe23e2000 	C:\Windows\System32\bcryptPrimitives.dll
0x00007fffd6a20000 - 0x00007fffd6a3f000 	C:\Program Files\Java\jdk-21\bin\java.dll

dbghelp: loaded successfully - version: 4.0.5 - missing functions: none
symbol engine: initialized successfully - sym options: 0x614 - pdb path: .;C:\Program Files\Java\jdk-21\bin;C:\Windows\SYSTEM32;C:\Windows\WinSxS\amd64_microsoft.windows.common-controls_6595b64144ccf1df_6.0.19041.6456_none_60b8a6cb71f64256;C:\Program Files\Java\jdk-21\bin\server

VM Arguments:
jvm_args: -Dfile.encoding=UTF-8 -Duser.country=US -Duser.language=en -Duser.variant 
java_command: org.example.App
java_class_path (initial): F:\Tubes OOP\IF2010-OOP-TUBES-I\app\build\classes\java\main;F:\Tubes OOP\IF2010-OOP-TUBES-I\app\build\resources\main;C:\Users\zafar\.gradle\caches\modules-2\files-2.1\com.google.guava\guava\33.4.6-jre\4437fb72c3cc5d29554b588d9a97bea12d6a42e1\guava-33.4.6-jre.jar;C:\Users\zafar\.gradle\caches\modules-2\files-2.1\com.google.guava\failureaccess\1.0.3\aeaffd00d57023a2c947393ed251f0354f0985fc\failureaccess-1.0.3.jar;C:\Users\zafar\.gradle\caches\modules-2\files-2.1\com.google.guava\listenablefuture\9999.0-empty-to-avoid-conflict-with-guava\b421526c5f297295adef1c886e5246c39d4ac629\listenablefuture-9999.0-empty-to-avoid-conflict-with-guava.jar;C:\Users\zafar\.gradle\caches\modules-2\files-2.1\org.jspecify\jspecify\1.0.0\7425a601c1c7ec76645a78d22b8c6a627edee507\jspecify-1.0.0.jar;C:\Users\zafar\.gradle\caches\modules-2\files-2.1\com.google.errorprone\error_prone_annotations\2.36.0\227d4d4957ccc3dc5761bd897e3a0ee587e750a7\error_prone_annotations-2.36.0.jar;C:\Users\zafar\.gradle\caches\modules-2\files-2.1\com.google.j2objc\j2objc-annotations\3.0.0\7399e65dd7e9ff3404f4535b2f017093bdb134c7\j2objc-annotations-3.0.0.jar
Launcher Type: SUN_STANDARD

[Global flags]
     intx CICompilerCount                          = 4                                         {product} {ergonomic}
     uint ConcGCThreads                            = 2                                         {product} {ergonomic}
     uint G1ConcRefinementThreads                  = 8                                         {product} {ergonomic}
   size_t G1HeapRegionSize                         = 2097152                                   {product} {ergonomic}
    uintx GCDrainStackTargetSize                   = 64                                        {product} {ergonomic}
   size_t InitialHeapSize                          = 266338304                                 {product} {ergonomic}
   size_t MarkStackSize                            = 4194304                                   {product} {ergonomic}
   size_t MaxHeapSize                              = 4242538496                                {product} {ergonomic}
   size_t MinHeapDeltaBytes                        = 2097152                                   {product} {ergonomic}
   size_t MinHeapSize                              = 8388608                                   {product} {ergonomic}
    uintx NonNMethodCodeHeapSize                   = 5839372                                {pd product} {ergonomic}
    uintx NonProfiledCodeHeapSize                  = 122909434                              {pd product} {ergonomic}
    uintx ProfiledCodeHeapSize                     = 122909434                              {pd product} {ergonomic}
    uintx ReservedCodeCacheSize                    = 251658240                              {pd product} {ergonomic}
     bool SegmentedCodeCache                       = true                                      {product} {ergonomic}
   size_t SoftMaxHeapSize                          = 4242538496                             {manageable} {ergonomic}
     bool UseCompressedOops                        = true                           {product lp64_product} {ergonomic}
     bool UseG1GC                                  = true                                      {product} {ergonomic}
     bool UseLargePagesIndividualAllocation        = false                                  {pd product} {ergonomic}

Logging:
Log output configuration:
 #0: stdout all=warning uptime,level,tags foldmultilines=false
 #1: stderr all=off uptime,level,tags foldmultilines=false

Environment Variables:
PATH=C:\Program Files\Common Files\Oracle\Java\javapath;C:\Windows\system32;C:\Windows;C:\Windows\System32\Wbem;C:\Windows\System32\WindowsPowerShell\v1.0\;C:\Windows\System32\OpenSSH\;C:\MinGW\bin;C:\Program Files\Git\cmd;C:\Program Files\Java\jdk-24\bin;C:\Program Files\Java\jdk-21\bin;C:\Program Files\MySQL\MySQL Server 8.0\bin;;C:\Program Files\Docker\Docker\resources\bin;C:\Users\zafar\AppData\Local\Programs\Python\Launcher\;C:\Users\zafar\AppData\Local\Microsoft\WindowsApps;C:\Users\zafar\AppData\Local\Programs\Microsoft VS Code\bin;C:\Program Files\JetBrains\IntelliJ IDEA 2025.2.5\bin
USERNAME=zafar
OS=Windows_NT
PROCESSOR_IDENTIFIER=Intel64 Family 6 Model 140 Stepping 1, GenuineIntel
TMP=C:\Users\zafar\AppData\Local\Temp
TEMP=C:\Users\zafar\AppData\Local\Temp




Periodic native trim disabled

---------------  S Y S T E M  ---------------

OS:
 Windows 10 , 64 bit Build 19041 (10.0.19041.5915)
OS uptime: 2 days 2:20 hours
Hyper-V role detected

CPU: total 8 (initial active 8) (4 cores per cpu, 2 threads per core) family 6 model 140 stepping 1 microcode 0x8a, cx8, cmov, fxsr, ht, mmx, 3dnowpref, sse, sse2, sse3, ssse3, sse4.1, sse4.2, popcnt, lzcnt, tsc, tscinvbit, avx, avx2, aes, erms, clmul, bmi1, bmi2, adx, avx512f, avx512dq, avx512cd, avx512bw, avx512vl, sha, fma, vzeroupper, avx512_vpopcntdq, avx512_vpclmulqdq, avx512_vaes, avx512_vnni, clflush, clflushopt, clwb, avx512_vbmi2, avx512_vbmi, hv, rdtscp, rdpid, fsrm, gfni, avx512_bitalg, f16c, cet_ibt, cet_ss, avx512_ifma
Processor Information for processor 0
  Max Mhz: 2803, Current Mhz: 1001, Mhz Limit: 2803
Processor Information for processor 1
  Max Mhz: 2803, Current Mhz: 1001, Mhz Limit: 2803
Processor Information for processor 2
  Max Mhz: 2803, Current Mhz: 2803, Mhz Limit: 2803
Processor Information for processor 3
  Max Mhz: 2803, Current Mhz: 2803, Mhz Limit: 2803
Processor Information for processor 4
  Max Mhz: 2803, Current Mhz: 1001, Mhz Limit: 2803
Processor Information for processor 5
  Max Mhz: 2803, Current Mhz: 2803, Mhz Limit: 2803
Processor Information for processor 6
  Max Mhz: 2803, Current Mhz: 2803, Mhz Limit: 2803
Processor Information for processor 7
  Max Mhz: 2803, Current Mhz: 1001, Mhz Limit: 2803

Memory: 4k page, system-wide physical 16183M (1780M free)
TotalPageFile size 16183M (AvailPageFile size 244M)
current process WorkingSet (physical memory assigned to process): 10M, peak: 10M
current process commit charge ("private bytes"): 60M, peak: 314M

vm_info: Java HotSpot(TM) 64-Bit Server VM (21.0.8+12-LTS-250) for windows-amd64 JRE (21.0.8+12-LTS-250), built on 2025-06-27T08:11:22Z by "mach5one" with MS VC++ 17.6 (VS2022)

END.
